---
- council_reference: 140/2020
  address: 23 Vista Street KENSINGTON WA 6151
  description: Additions to Single House
  info_url: https://awpe.southperth.wa.gov.au/eservice/daEnquiry/currentlyAdvertised.do?taskNote=Y&nodeNum=7325
  date_received: '2020-05-08'
  date_scraped: '2019-05-15'
- council_reference: 154/2020
  address: 7A Pepler Avenue SALTER POINT WA 6152
  description: Single House (Two-Storey) Single House (Multi-Storey)
  info_url: https://awpe.southperth.wa.gov.au/eservice/daEnquiry/currentlyAdvertised.do?taskNote=Y&nodeNum=7325
  date_received: '2020-05-25'
  date_scraped: '2019-05-15'
- council_reference: 173/2020
  address: 46 Lowan Loop KARAWARA WA 6152
  description: Home Occupation (Preparation of Food for Sale) Home Occupation
  info_url: https://awpe.southperth.wa.gov.au/eservice/daEnquiry/currentlyAdvertised.do?taskNote=Y&nodeNum=7325
  date_received: '2020-06-16'
  date_scraped: '2019-05-15'
- council_reference: 174/2020
  address: 29 Ridge Street SOUTH PERTH WA 6151
  description: Additions to existing Grouped Dwelling & proposed 4 level Grouped Dwel
    Additions to Grouped Dwelling
  info_url: https://awpe.southperth.wa.gov.au/eservice/daEnquiry/currentlyAdvertised.do?taskNote=Y&nodeNum=7325
  date_received: '2020-06-15'
  date_scraped: '2019-05-15'
- council_reference: 186/2020
  address: 173 Gwenyfred Road KENSINGTON WA 6151
  description: Single House (Single-Storey)
  info_url: https://awpe.southperth.wa.gov.au/eservice/daEnquiry/currentlyAdvertised.do?taskNote=Y&nodeNum=7325
  date_received: '2020-06-22'
  date_scraped: '2019-05-15'
- council_reference: 192/2020
  address: 104 Lansdowne Road KENSINGTON WA 6151
  description: Additions to Single House
  info_url: https://awpe.southperth.wa.gov.au/eservice/daEnquiry/currentlyAdvertised.do?taskNote=Y&nodeNum=7325
  date_received: '2020-06-26'
  date_scraped: '2019-05-15'
- council_reference: 200/2020
  address: 18 Sawyer Way SALTER POINT WA 6152
  description: Single House (Single-Storey)
  info_url: https://awpe.southperth.wa.gov.au/eservice/daEnquiry/currentlyAdvertised.do?taskNote=Y&nodeNum=7325
  date_received: '2020-07-06'
  date_scraped: '2019-05-15'
- council_reference: 201/2020
  address: 14 Sawyer Way SALTER POINT WA 6152
  description: Two Storey Single House Single House (Multi-Storey)
  info_url: https://awpe.southperth.wa.gov.au/eservice/daEnquiry/currentlyAdvertised.do?taskNote=Y&nodeNum=7325
  date_received: '2020-07-06'
  date_scraped: '2019-05-15'
- council_reference: 202/2020
  address: 3 Omagh Grove WATERFORD WA 6152
  description: Two Storey Single House Single House (Multi-Storey)
  info_url: https://awpe.southperth.wa.gov.au/eservice/daEnquiry/currentlyAdvertised.do?taskNote=Y&nodeNum=7325
  date_received: '2020-07-06'
  date_scraped: '2019-05-15'
- council_reference: 207/2020
  address: Unit 2 13 Talbot Avenue COMO WA 6152
  description: Additions to Grouped Dwelling
  info_url: https://awpe.southperth.wa.gov.au/eservice/daEnquiry/currentlyAdvertised.do?taskNote=Y&nodeNum=7325
  date_received: '2020-07-06'
  date_scraped: '2019-05-15'
- council_reference: 209/2020
  address: 46 Letchworth Centre Avenue SALTER POINT WA 6152
  description: Site works & retaining walls Additions to Single House
  info_url: https://awpe.southperth.wa.gov.au/eservice/daEnquiry/currentlyAdvertised.do?taskNote=Y&nodeNum=7325
  date_received: '2020-07-10'
  date_scraped: '2019-05-15'
- council_reference: 211/2020
  address: 22 McDonald Street COMO WA 6152
  description: Additions to Single House
  info_url: https://awpe.southperth.wa.gov.au/eservice/daEnquiry/currentlyAdvertised.do?taskNote=Y&nodeNum=7325
  date_received: '2020-07-10'
  date_scraped: '2019-05-15'
- council_reference: 213/2020
  address: 52 Downey Drive MANNING WA 6152
  description: Dividing Fences greater than 1.8 metres in height Dividing Fence >1.8
    metres
  info_url: https://awpe.southperth.wa.gov.au/eservice/daEnquiry/currentlyAdvertised.do?taskNote=Y&nodeNum=7325
  date_received: '2020-07-20'
  date_scraped: '2019-05-15'
- council_reference: 216/2020
  address: Unit 2 14 Ednah Street COMO WA 6152
  description: Additions to Grouped Dwelling
  info_url: https://awpe.southperth.wa.gov.au/eservice/daEnquiry/currentlyAdvertised.do?taskNote=Y&nodeNum=7325
  date_received: '2020-07-20'
  date_scraped: '2019-05-15'
- council_reference: 219/2020
  address: 154 Lockhart Street COMO WA 6152
  description: 6 x 3 Storey Grouped Dwellings Grouped Dwelling (Multi-Storey)
  info_url: https://awpe.southperth.wa.gov.au/eservice/daEnquiry/currentlyAdvertised.do?taskNote=Y&nodeNum=7325
  date_received: '2020-07-20'
  date_scraped: '2019-05-15'
- council_reference: 268/2015
  address: Unit 3 74 Mill Point Road SOUTH PERTH WA 6151
  description: Additions to Temporary Structure + Viewing Tower Amended Approval
  info_url: https://awpe.southperth.wa.gov.au/eservice/daEnquiry/currentlyAdvertised.do?taskNote=Y&nodeNum=7325
  date_received: '2020-07-10'
  date_scraped: '2019-05-15'
- council_reference: 364/2019
  address: Unit 1 42 Leonora Street COMO WA 6152
  description: 8 Storey Multiple Dwellings with Basement Parking (DAP/19/01689) Multiple
    Dwellings
  info_url: https://awpe.southperth.wa.gov.au/eservice/daEnquiry/currentlyAdvertised.do?taskNote=Y&nodeNum=7325
  date_received: '2020-01-06'
  date_scraped: '2019-05-15'
- council_reference: 79/2020
  address: 2 Anthony Street SOUTH PERTH WA 6151
  description: Single House (Two-Storey) Single House (Multi-Storey)
  info_url: https://awpe.southperth.wa.gov.au/eservice/daEnquiry/currentlyAdvertised.do?taskNote=Y&nodeNum=7325
  date_received: '2020-03-13'
  date_scraped: '2019-05-15'
