---
- council_reference: 36/2021
  address: 137 West Parade MOUNT LAWLEY WA 6050
  description: Grouped Dwellings (3)
  info_url: https://maps.vincent.wa.gov.au/eservice/daEnquiryInit.do?doc_typ=5&nodeNum=581
  date_received: '2021-02-02'
  date_scraped: '2021-03-01'
- council_reference: 37/2021
  address: 291-293 Stirling Street PERTH WA 6000
  description: Mixed Use Development (JDAP) (Amendment to Approved)
  info_url: https://maps.vincent.wa.gov.au/eservice/daEnquiryInit.do?doc_typ=5&nodeNum=581
  date_received: '2021-02-02'
  date_scraped: '2021-03-01'
- council_reference: 38/2021
  address: 50 Blackford Street MOUNT HAWTHORN WA 6016
  description: Alterations and Additions to Single House
  info_url: https://maps.vincent.wa.gov.au/eservice/daEnquiryInit.do?doc_typ=5&nodeNum=581
  date_received: '2021-02-02'
  date_scraped: '2021-03-01'
- council_reference: 39/2021
  address: 85 Buxton Street MOUNT HAWTHORN WA 6016
  description: Alterations and Additions to Single House
  info_url: https://maps.vincent.wa.gov.au/eservice/daEnquiryInit.do?doc_typ=5&nodeNum=581
  date_received: '2021-02-02'
  date_scraped: '2021-03-01'
- council_reference: 40/2021
  address: 35 Barlee Street MOUNT LAWLEY WA 6050
  description: Grouped Dwelling (2)
  info_url: https://maps.vincent.wa.gov.au/eservice/daEnquiryInit.do?doc_typ=5&nodeNum=581
  date_received: '2021-02-03'
  date_scraped: '2021-03-01'
- council_reference: 41/2021
  address: 427 Walcott Street COOLBINIA WA 6050
  description: Written Planning Advice
  info_url: https://maps.vincent.wa.gov.au/eservice/daEnquiryInit.do?doc_typ=5&nodeNum=581
  date_received: '2021-02-04'
  date_scraped: '2021-03-01'
- council_reference: 42/2021
  address: 4 Ethel Street NORTH PERTH WA 6006
  description: Written Planning Advice
  info_url: https://maps.vincent.wa.gov.au/eservice/daEnquiryInit.do?doc_typ=5&nodeNum=581
  date_received: '2021-02-04'
  date_scraped: '2021-03-01'
- council_reference: 43/2021
  address: 38 Camelia Street NORTH PERTH WA 6006
  description: Grouped Dwelling
  info_url: https://maps.vincent.wa.gov.au/eservice/daEnquiryInit.do?doc_typ=5&nodeNum=581
  date_received: '2021-02-04'
  date_scraped: '2021-03-01'
- council_reference: 44/2021
  address: 91 Harold Street MOUNT LAWLEY WA 6050
  description: Single House
  info_url: https://maps.vincent.wa.gov.au/eservice/daEnquiryInit.do?doc_typ=5&nodeNum=581
  date_received: '2021-02-05'
  date_scraped: '2021-03-01'
- council_reference: 45/2021
  address: 91 Harold Street MOUNT LAWLEY WA 6050
  description: Alterations and Additions to Single House
  info_url: https://maps.vincent.wa.gov.au/eservice/daEnquiryInit.do?doc_typ=5&nodeNum=581
  date_received: '2021-02-05'
  date_scraped: '2021-03-01'
- council_reference: 46/2021
  address: 71-77 Walcott Street MOUNT LAWLEY WA 6050
  description: Change of Use from Restaurant/Cafe to Recreation Private
  info_url: https://maps.vincent.wa.gov.au/eservice/daEnquiryInit.do?doc_typ=5&nodeNum=581
  date_received: '2021-02-05'
  date_scraped: '2021-03-01'
- council_reference: 47/2021
  address: 533 Fitzgerald Street NORTH PERTH WA 6006
  description: Grouped Dwellings (2)
  info_url: https://maps.vincent.wa.gov.au/eservice/daEnquiryInit.do?doc_typ=5&nodeNum=581
  date_received: '2021-02-08'
  date_scraped: '2021-03-01'
- council_reference: 48/2021
  address: 28 Raglan Road MOUNT LAWLEY WA 6050
  description: Alterations and Additions to Grouped Dwelling
  info_url: https://maps.vincent.wa.gov.au/eservice/daEnquiryInit.do?doc_typ=5&nodeNum=581
  date_received: '2021-02-08'
  date_scraped: '2021-03-01'
- council_reference: 49/2021
  address: 30 Money Street PERTH WA 6000
  description: Alterations and Additions and change of use from single house to Restaurant/Cafe
    (Unathorised Existing Development)
  info_url: https://maps.vincent.wa.gov.au/eservice/daEnquiryInit.do?doc_typ=5&nodeNum=581
  date_received: '2021-02-08'
  date_scraped: '2021-03-01'
- council_reference: 50/2021
  address: 10 Rae Street LEEDERVILLE WA 6007
  description: Alterations and Additions to Single House
  info_url: https://maps.vincent.wa.gov.au/eservice/daEnquiryInit.do?doc_typ=5&nodeNum=581
  date_received: '2021-02-08'
  date_scraped: '2021-03-01'
- council_reference: 51/2021
  address: 23 Venn Street NORTH PERTH WA 6006
  description: Single House
  info_url: https://maps.vincent.wa.gov.au/eservice/daEnquiryInit.do?doc_typ=5&nodeNum=581
  date_received: '2021-02-09'
  date_scraped: '2021-03-01'
- council_reference: 52/2021
  address: 39 Bruce Street LEEDERVILLE WA 6007
  description: Alterations and Additions to Single House
  info_url: https://maps.vincent.wa.gov.au/eservice/daEnquiryInit.do?doc_typ=5&nodeNum=581
  date_received: '2021-02-09'
  date_scraped: '2021-03-01'
- council_reference: 53/2021
  address: 130 Chelmsford Road NORTH PERTH WA 6006
  description: Carport
  info_url: https://maps.vincent.wa.gov.au/eservice/daEnquiryInit.do?doc_typ=5&nodeNum=581
  date_received: '2021-02-09'
  date_scraped: '2021-03-01'
- council_reference: 55/2021
  address: 12 East Street MOUNT HAWTHORN WA 6016
  description: Patio Addition to Single House
  info_url: https://maps.vincent.wa.gov.au/eservice/daEnquiryInit.do?doc_typ=5&nodeNum=581
  date_received: '2021-02-09'
  date_scraped: '2021-03-01'
- council_reference: 56/2021
  address: 80 Ellesmere Street MOUNT HAWTHORN WA 6016
  description: Single House
  info_url: https://maps.vincent.wa.gov.au/eservice/daEnquiryInit.do?doc_typ=5&nodeNum=581
  date_received: '2021-02-10'
  date_scraped: '2021-03-01'
- council_reference: 57/2021
  address: 18 Pennant Street NORTH PERTH WA 6006
  description: Alterations and Additions to Single House
  info_url: https://maps.vincent.wa.gov.au/eservice/daEnquiryInit.do?doc_typ=5&nodeNum=581
  date_received: '2021-02-10'
  date_scraped: '2021-03-01'
- council_reference: 58/2021
  address: 24 Galwey Street LEEDERVILLE WA 6007
  description: Alterations and Additions to Single House
  info_url: https://maps.vincent.wa.gov.au/eservice/daEnquiryInit.do?doc_typ=5&nodeNum=581
  date_received: '2021-02-10'
  date_scraped: '2021-03-01'
- council_reference: 59/2021
  address: Unit 1 278 Beaufort Street PERTH WA 6000
  description: Change of Use to Restricted Premises
  info_url: https://maps.vincent.wa.gov.au/eservice/daEnquiryInit.do?doc_typ=5&nodeNum=581
  date_received: '2021-02-10'
  date_scraped: '2021-03-01'
- council_reference: 60/2021
  address: 34 Britannia Road MOUNT HAWTHORN WA 6016
  description: Written Planning Advice
  info_url: https://maps.vincent.wa.gov.au/eservice/daEnquiryInit.do?doc_typ=5&nodeNum=581
  date_received: '2021-02-10'
  date_scraped: '2021-03-01'
- council_reference: 61/2021
  address: 120 Lincoln Street HIGHGATE WA 6003
  description: Carport (Unauthorised Existing Development)
  info_url: https://maps.vincent.wa.gov.au/eservice/daEnquiryInit.do?doc_typ=5&nodeNum=581
  date_received: '2021-02-11'
  date_scraped: '2021-03-01'
- council_reference: 62/2021
  address: 63A Raglan Road MOUNT LAWLEY WA 6050
  description: Single House
  info_url: https://maps.vincent.wa.gov.au/eservice/daEnquiryInit.do?doc_typ=5&nodeNum=581
  date_received: '2021-02-15'
  date_scraped: '2021-03-01'
- council_reference: 63/2021
  address: 140 Raglan Road NORTH PERTH WA 6006
  description: Grouped Dwelling
  info_url: https://maps.vincent.wa.gov.au/eservice/daEnquiryInit.do?doc_typ=5&nodeNum=581
  date_received: '2021-02-16'
  date_scraped: '2021-03-01'
- council_reference: 64/2021
  address: 145 Scarborough Beach Road MOUNT HAWTHORN WA 6016
  description: Alterations and Additions to Shop
  info_url: https://maps.vincent.wa.gov.au/eservice/daEnquiryInit.do?doc_typ=5&nodeNum=581
  date_received: '2021-02-17'
  date_scraped: '2021-03-01'
- council_reference: 65/2021
  address: 47 East Street MOUNT HAWTHORN WA 6016
  description: Carport
  info_url: https://maps.vincent.wa.gov.au/eservice/daEnquiryInit.do?doc_typ=5&nodeNum=581
  date_received: '2021-02-17'
  date_scraped: '2021-03-01'
- council_reference: 66/2021
  address: 74 Sydney Street NORTH PERTH WA 6006
  description: Single House
  info_url: https://maps.vincent.wa.gov.au/eservice/daEnquiryInit.do?doc_typ=5&nodeNum=581
  date_received: '2021-02-17'
  date_scraped: '2021-03-01'
- council_reference: 67/2021
  address: 409 Bulwer Street WEST PERTH WA 6005
  description: Alterations and Additions to Single House
  info_url: https://maps.vincent.wa.gov.au/eservice/daEnquiryInit.do?doc_typ=5&nodeNum=581
  date_received: '2021-02-18'
  date_scraped: '2021-03-01'
- council_reference: 68/2021
  address: 49 Clieveden Street NORTH PERTH WA 6006
  description: Alterations and Additions to Single House
  info_url: https://maps.vincent.wa.gov.au/eservice/daEnquiryInit.do?doc_typ=5&nodeNum=581
  date_received: '2021-02-22'
  date_scraped: '2021-03-01'
- council_reference: 69/2021
  address: 61 Kingston Avenue WEST PERTH WA 6005
  description: Alterations and Additions to Grouped Dwelling
  info_url: https://maps.vincent.wa.gov.au/eservice/daEnquiryInit.do?doc_typ=5&nodeNum=581
  date_received: '2021-02-23'
  date_scraped: '2021-03-01'
- council_reference: 70/2021
  address: 36A Lynton Street MOUNT HAWTHORN WA 6016
  description: Single House
  info_url: https://maps.vincent.wa.gov.au/eservice/daEnquiryInit.do?doc_typ=5&nodeNum=581
  date_received: '2021-02-26'
  date_scraped: '2021-03-01'
- council_reference: 71/2021
  address: 230 Brisbane Street PERTH WA 6000
  description: Alterations and Additions to Single House (Amendment to Approved)
  info_url: https://maps.vincent.wa.gov.au/eservice/daEnquiryInit.do?doc_typ=5&nodeNum=581
  date_received: '2021-02-26'
  date_scraped: '2021-03-01'
