---
- council_reference: 107/2020
  address: 8A Cooper Street PADDINGTON NSW 2021
  description: Dwelling House External alterations and additions to the existing dwelling
  info_url: https://eservices.woollahra.nsw.gov.au/eservice/daEnquiryInit.do?nodeNum=5270
  date_received: '2020-04-21'
  date_scraped: '2019-05-15'
  on_notice_from: '2020-07-15'
  on_notice_to: '2020-07-29'
- council_reference: 117/2015
  address: 14 Pine Hill Avenue DOUBLE BAY NSW 2028
  description: Section 4.55 Internal and external modifications including erection
    of common boundary retaining wall between No. 12 and No. 14 Pine Hill Avenue
  info_url: https://eservices.woollahra.nsw.gov.au/eservice/daEnquiryInit.do?nodeNum=5270
  date_received: '2020-07-07'
  date_scraped: '2019-05-15'
  on_notice_from: '2020-07-22'
  on_notice_to: '2020-08-05'
- council_reference: 133/2017
  address: 8 Wiston Gardens DOUBLE BAY NSW 2028
  description: Section 4.55 Internal and external modifications
  info_url: https://eservices.woollahra.nsw.gov.au/eservice/daEnquiryInit.do?nodeNum=5270
  date_received: '2020-07-06'
  date_scraped: '2019-05-15'
  on_notice_from: '2020-07-22'
  on_notice_to: '2020-08-05'
- council_reference: 146/2019
  address: 126-140 Oxford Street PADDINGTON NSW 2021
  description: Shop Alterations and additions to an existing commercial building including
    a new third level commercial space (gym/fitness facility) incorporating a mansard
    roof form with dormer windows to the faè»‹de (Oxford Street) and rear
  info_url: https://eservices.woollahra.nsw.gov.au/eservice/daEnquiryInit.do?nodeNum=5270
  date_received: '2019-05-02'
  date_scraped: '2019-05-15'
  on_notice_from: '2020-07-15'
  on_notice_to: '2020-07-29'
- council_reference: 152/2020
  address: 32B Pacific Street WATSONS BAY NSW 2030
  description: 'Dwelling House: Demolition of two existing dwellings and the construction
    of a new dwelling with associated landscaping and siteworks'
  info_url: https://eservices.woollahra.nsw.gov.au/eservice/daEnquiryInit.do?nodeNum=5270
  date_received: '2020-05-19'
  date_scraped: '2019-05-15'
  on_notice_from: '2020-07-08'
  on_notice_to: '2020-07-22'
- council_reference: 186/2020
  address: 165 Victoria Road BELLEVUE HILL NSW 2023
  description: Residential Flat Building 4 or more Storeys Alterations and additions
    to the frontage of the site to create a communal garden space at street level,
    with facilities below for garbage storage and bicycle parking for 12 bicycles,
    including the removal of vehicular access to the four existing integral garages
  info_url: https://eservices.woollahra.nsw.gov.au/eservice/daEnquiryInit.do?nodeNum=5270
  date_received: '2020-06-09'
  date_scraped: '2019-05-15'
  on_notice_from: '2020-06-24'
  on_notice_to: '2020-07-08'
- council_reference: 195/2020
  address: 43 Suttie Road BELLEVUE HILL NSW 2023
  description: Detached Garage/Carport/Shed Substantial demolition of the existing
    garage and reconstruction for a new garage with modified driveway crossing
  info_url: https://eservices.woollahra.nsw.gov.au/eservice/daEnquiryInit.do?nodeNum=5270
  date_received: '2020-06-12'
  date_scraped: '2019-05-15'
  on_notice_from: '2020-07-15'
  on_notice_to: '2020-07-29'
- council_reference: 206/2018
  address: 37 Dudley Road ROSE BAY NSW 2029
  description: 'Section 4.55: Modifications to the approved dwelling, the deletion
    of the approved swimming pool, and retention of the existing swimming pool'
  info_url: https://eservices.woollahra.nsw.gov.au/eservice/daEnquiryInit.do?nodeNum=5270
  date_received: '2020-07-02'
  date_scraped: '2019-05-15'
  on_notice_from: '2020-07-22'
  on_notice_to: '2020-08-05'
- council_reference: 208/2016
  address: 1 Rawson Road ROSE BAY NSW 2029
  description: Section 4.55 Modifications to approved dwelling house
  info_url: https://eservices.woollahra.nsw.gov.au/eservice/daEnquiryInit.do?nodeNum=5270
  date_received: '2020-07-01'
  date_scraped: '2019-05-15'
  on_notice_from: '2020-07-15'
  on_notice_to: '2020-07-29'
- council_reference: 212/2020
  address: 648 New South Head Road ROSE BAY NSW 2029
  description: Ancillary Structure/Landscaping Alterations and additions to north
    western boundary fence to Rose Bay Foreshore and associated works
  info_url: https://eservices.woollahra.nsw.gov.au/eservice/daEnquiryInit.do?nodeNum=5270
  date_received: '2020-06-26'
  date_scraped: '2019-05-15'
  on_notice_from: '2020-07-15'
  on_notice_to: '2020-07-29'
- council_reference: 213/2020
  address: 4 Georges Road VAUCLUSE NSW 2030
  description: Dwelling House Construction of a new dwelling
  info_url: https://eservices.woollahra.nsw.gov.au/eservice/daEnquiryInit.do?nodeNum=5270
  date_received: '2020-06-26'
  date_scraped: '2019-05-15'
  on_notice_from: '2020-07-15'
  on_notice_to: '2020-07-29'
- council_reference: 214/2020
  address: 6 Ray Avenue VAUCLUSE NSW 2030
  description: Ancillary Structure/Landscaping Tree removal
  info_url: https://eservices.woollahra.nsw.gov.au/eservice/daEnquiryInit.do?nodeNum=5270
  date_received: '2020-06-26'
  date_scraped: '2019-05-15'
  on_notice_from: '2020-07-15'
  on_notice_to: '2020-07-29'
- council_reference: 215/2020
  address: 92 Windsor Street PADDINGTON NSW 2021
  description: Dwelling House Alterations & additions including a new carport
  info_url: https://eservices.woollahra.nsw.gov.au/eservice/daEnquiryInit.do?nodeNum=5270
  date_received: '2020-06-26'
  date_scraped: '2019-05-15'
  on_notice_from: '2020-07-15'
  on_notice_to: '2020-07-29'
- council_reference: 216/2020
  address: 62 Queen Street WOOLLAHRA NSW 2025
  description: Dwelling House Alterations and additions to the existing dwelling
  info_url: https://eservices.woollahra.nsw.gov.au/eservice/daEnquiryInit.do?nodeNum=5270
  date_received: '2020-06-26'
  date_scraped: '2019-05-15'
  on_notice_from: '2020-07-15'
  on_notice_to: '2020-07-29'
- council_reference: 217/2020
  address: 174 Jersey Road PADDINGTON NSW 2021
  description: Ancillary Structure/Landscaping Demolition of all structures in the
    rear courtyard including the outdoor toilet to accommodate two off-street carparking
    spaces with new rear boundary fence
  info_url: https://eservices.woollahra.nsw.gov.au/eservice/daEnquiryInit.do?nodeNum=5270
  date_received: '2020-06-26'
  date_scraped: '2019-05-15'
  on_notice_from: '2020-07-15'
  on_notice_to: '2020-07-29'
- council_reference: 218/2020
  address: 5 Elfred Street PADDINGTON NSW 2021
  description: Dwelling House Alterations and additions
  info_url: https://eservices.woollahra.nsw.gov.au/eservice/daEnquiryInit.do?nodeNum=5270
  date_received: '2020-06-26'
  date_scraped: '2019-05-15'
  on_notice_from: '2020-07-15'
  on_notice_to: '2020-07-29'
- council_reference: 219/2020
  address: 15 Queen Road PADDINGTON NSW 2021
  description: Dwelling House Alterations to existing terrace including new bathroom
    & doors/windows to eastern elevation
  info_url: https://eservices.woollahra.nsw.gov.au/eservice/daEnquiryInit.do?nodeNum=5270
  date_received: '2020-06-29'
  date_scraped: '2019-05-15'
  on_notice_from: '2020-07-15'
  on_notice_to: '2020-07-29'
- council_reference: 220/2020
  address: 2 Rosemont Avenue WOOLLAHRA NSW 2025
  description: Dwelling House Alterations and additions to the existing dwelling
  info_url: https://eservices.woollahra.nsw.gov.au/eservice/daEnquiryInit.do?nodeNum=5270
  date_received: '2020-06-29'
  date_scraped: '2019-05-15'
  on_notice_from: '2020-07-15'
  on_notice_to: '2020-07-29'
- council_reference: 221/2020
  address: 9 Goodhope Street PADDINGTON NSW 2021
  description: Dwelling House Alterations and additions to the existing dwelling
  info_url: https://eservices.woollahra.nsw.gov.au/eservice/daEnquiryInit.do?nodeNum=5270
  date_received: '2020-06-29'
  date_scraped: '2019-05-15'
  on_notice_from: '2020-07-15'
  on_notice_to: '2020-07-29'
- council_reference: 222/2020
  address: 20 New South Head Road VAUCLUSE NSW 2030
  description: Dwelling House Substantial alterations and additions to the existing
    dwelling (effectively the demolition of the existing dwelling and the construction
    of a replacement dwelling)
  info_url: https://eservices.woollahra.nsw.gov.au/eservice/daEnquiryInit.do?nodeNum=5270
  date_received: '2020-06-30'
  date_scraped: '2019-05-15'
  on_notice_from: '2020-07-15'
  on_notice_to: '2020-07-29'
- council_reference: 225/2020
  address: Unit 13B 21 Thornton Street DARLING POINT NSW 2027
  description: Residential Flat Bldg 4 or more Storeys Window enlargement
  info_url: https://eservices.woollahra.nsw.gov.au/eservice/daEnquiryInit.do?nodeNum=5270
  date_received: '2020-07-01'
  date_scraped: '2019-05-15'
  on_notice_from: '2020-07-15'
  on_notice_to: '2020-07-29'
- council_reference: 226/2020
  address: 8 Stafford Street PADDINGTON NSW 2021
  description: Dwelling House Extensive alterations & additions to the rear of the
    existing terrace house including enlarged garage with terrace above
  info_url: https://eservices.woollahra.nsw.gov.au/eservice/daEnquiryInit.do?nodeNum=5270
  date_received: '2020-07-01'
  date_scraped: '2019-05-15'
  on_notice_from: '2020-07-15'
  on_notice_to: '2020-07-29'
- council_reference: 227/2020
  address: 7 Moore Street VAUCLUSE NSW 2030
  description: Dwelling House Alterations and additions to the existing dwelling
  info_url: https://eservices.woollahra.nsw.gov.au/eservice/daEnquiryInit.do?nodeNum=5270
  date_received: '2020-07-01'
  date_scraped: '2019-05-15'
  on_notice_from: '2020-07-15'
  on_notice_to: '2020-07-29'
- council_reference: 230/2020
  address: Fern Place WOOLLAHRA NSW 2025
  description: Subdivision Lot consolidation and Torrens Title subdivision
  info_url: https://eservices.woollahra.nsw.gov.au/eservice/daEnquiryInit.do?nodeNum=5270
  date_received: '2020-07-02'
  date_scraped: '2019-05-15'
  on_notice_from: '2020-07-22'
  on_notice_to: '2020-08-05'
- council_reference: 231/2020
  address: 185 Hargrave Street PADDINGTON NSW 2021
  description: Dwelling House Alterations and additions to the existing dwelling including
    new landscaping and garden shed
  info_url: https://eservices.woollahra.nsw.gov.au/eservice/daEnquiryInit.do?nodeNum=5270
  date_received: '2020-07-03'
  date_scraped: '2019-05-15'
  on_notice_from: '2020-07-22'
  on_notice_to: '2020-08-05'
- council_reference: 232/2020
  address: 3 Kings Road VAUCLUSE NSW 2030
  description: 'Dwelling House: Demolition of existing dwelling, construction of replacement
    dwelling, renovation of existing swimming pool, and associated landscaping and
    site works'
  info_url: https://eservices.woollahra.nsw.gov.au/eservice/daEnquiryInit.do?nodeNum=5270
  date_received: '2020-07-03'
  date_scraped: '2019-05-15'
  on_notice_from: '2020-07-22'
  on_notice_to: '2020-08-05'
- council_reference: 234/2020
  address: Unit 4 1 Sutherland Crescent DARLING POINT NSW 2027
  description: Mechanical Ventilation - RFB Air-conditioning in units 4, 5 & 14 and
    associated plant to roof
  info_url: https://eservices.woollahra.nsw.gov.au/eservice/daEnquiryInit.do?nodeNum=5270
  date_received: '2020-07-08'
  date_scraped: '2019-05-15'
  on_notice_from: '2020-07-22'
  on_notice_to: '2020-08-05'
- council_reference: 289/2019
  address: 30-36 Bay Street DOUBLE BAY NSW 2028
  description: Section 4.55 Internal and external modifications
  info_url: https://eservices.woollahra.nsw.gov.au/eservice/daEnquiryInit.do?nodeNum=5270
  date_received: '2020-06-24'
  date_scraped: '2019-05-15'
  on_notice_from: '2020-07-22'
  on_notice_to: 
- council_reference: 329/2013
  address: 16 Suttie Road BELLEVUE HILL NSW 2023
  description: Section 4.55 External modifications including masonry retaining wall,
    fences, gate and landscaping
  info_url: https://eservices.woollahra.nsw.gov.au/eservice/daEnquiryInit.do?nodeNum=5270
  date_received: '2020-07-03'
  date_scraped: '2019-05-15'
  on_notice_from: '2020-07-22'
  on_notice_to: '2020-08-05'
- council_reference: 350/2019
  address: 12 Wentworth Road VAUCLUSE NSW 2030
  description: 'Section 4.55: The deletion of condition C.1 (a)'
  info_url: https://eservices.woollahra.nsw.gov.au/eservice/daEnquiryInit.do?nodeNum=5270
  date_received: '2020-07-01'
  date_scraped: '2019-05-15'
  on_notice_from: '2020-07-15'
  on_notice_to: '2020-07-29'
- council_reference: 397/2019
  address: 15 Ormond Street PADDINGTON NSW 2021
  description: Section 4.55 Modifications to the approved scheme
  info_url: https://eservices.woollahra.nsw.gov.au/eservice/daEnquiryInit.do?nodeNum=5270
  date_received: '2020-07-03'
  date_scraped: '2019-05-15'
  on_notice_from: '2020-07-22'
  on_notice_to: '2020-08-05'
- council_reference: 403/2019
  address: 7 Village High Road VAUCLUSE NSW 2030
  description: Section 4.55 Modifications to the approved dwelling and the modification
    of Condition C.1
  info_url: https://eservices.woollahra.nsw.gov.au/eservice/daEnquiryInit.do?nodeNum=5270
  date_received: '2020-07-07'
  date_scraped: '2019-05-15'
  on_notice_from: '2020-07-22'
  on_notice_to: '2020-08-05'
- council_reference: 431/2019
  address: 690 Old South Head Road ROSE BAY NSW 2029
  description: 'Attached Dual Occupancy: Demolition of dwelling house, construction
    of attached dual occupancy, landscaping and siteworks'
  info_url: https://eservices.woollahra.nsw.gov.au/eservice/daEnquiryInit.do?nodeNum=5270
  date_received: '2019-11-13'
  date_scraped: '2019-05-15'
  on_notice_from: '2020-07-15'
  on_notice_to: '2020-07-29'
- council_reference: 448/2016
  address: 22 Yarranabbe Road DARLING POINT NSW 2027
  description: Section 4.55 Modifications to the approved scheme
  info_url: https://eservices.woollahra.nsw.gov.au/eservice/daEnquiryInit.do?nodeNum=5270
  date_received: '2020-06-26'
  date_scraped: '2019-05-15'
  on_notice_from: '2020-07-15'
  on_notice_to: '2020-07-29'
- council_reference: 449/2019
  address: 45 Fairfax Road BELLEVUE HILL NSW 2023
  description: Section 4.55 Internal and external modifications
  info_url: https://eservices.woollahra.nsw.gov.au/eservice/daEnquiryInit.do?nodeNum=5270
  date_received: '2020-06-29'
  date_scraped: '2019-05-15'
  on_notice_from: '2020-07-15'
  on_notice_to: '2020-07-29'
- council_reference: 472/2018
  address: 274 Old South Head Road WATSONS BAY NSW 2030
  description: Section 4.55 Modifications to approved residential flat building
  info_url: https://eservices.woollahra.nsw.gov.au/eservice/daEnquiryInit.do?nodeNum=5270
  date_received: '2020-07-02'
  date_scraped: '2019-05-15'
  on_notice_from: '2020-07-22'
  on_notice_to: '2020-08-05'
- council_reference: 511/2016
  address: 12 Pine Hill Avenue DOUBLE BAY NSW 2028
  description: Section 4.55 Staged construction and modifications to the approved
    garage (including crossing) and stairs; addition of a new platform lift; and rebuilding
    boundary wall between No. 12 and No. 14 Pine Hill Avenue
  info_url: https://eservices.woollahra.nsw.gov.au/eservice/daEnquiryInit.do?nodeNum=5270
  date_received: '2020-07-07'
  date_scraped: '2019-05-15'
  on_notice_from: '2020-07-22'
  on_notice_to: '2020-08-05'
- council_reference: 538/2014
  address: 32 Darling Point Road DARLING POINT NSW 2027
  description: Section 4.55 Remove aluminium windows and replace with wooden fixed
    and sliding sashes; reinstate 2 sections of the verandah's window sill heights
    to match the existing profile and height of the northernmost section
  info_url: https://eservices.woollahra.nsw.gov.au/eservice/daEnquiryInit.do?nodeNum=5270
  date_received: '2020-07-08'
  date_scraped: '2019-05-15'
  on_notice_from: '2020-07-29'
  on_notice_to: '2020-08-12'
- council_reference: 619/2004
  address: 49 Wunulla Road POINT PIPER NSW 2027
  description: Section 4.55 Internal and external modifications
  info_url: https://eservices.woollahra.nsw.gov.au/eservice/daEnquiryInit.do?nodeNum=5270
  date_received: '2020-07-06'
  date_scraped: '2019-05-15'
  on_notice_from: '2020-07-22'
  on_notice_to: '2020-08-05'
- council_reference: 621/2017
  address: 2-8 Elizabeth Street PADDINGTON NSW 2021
  description: Section 4.55 Modification of Conditions A.2, F.4 and I.2 (extension
    of operating hours)
  info_url: https://eservices.woollahra.nsw.gov.au/eservice/daEnquiryInit.do?nodeNum=5270
  date_received: '2020-07-06'
  date_scraped: '2019-05-15'
  on_notice_from: '2020-07-22'
  on_notice_to: '2020-08-05'
